// Jest Snapshot v1, https://goo.gl/fbAQLP

exports[`EventDetails Renders properly 1`] = `
<DocumentFragment>
  <div
    class="min-h-screen bg-background text-primary font-sans relative pb-16 overflow-x-hidden"
  >
    <header
      class="bg-surface p-4 flex items-center justify-between shadow-md relative z-20"
    >
      <a
        href="/"
      >
        common.brand
      </a>
      <div
        class="flex items-center gap-6"
      >
        <div
          class="flex items-center gap-3 text-sm"
        >
          <div
            class="flex gap-2"
          >
            <button
              class="cursor-pointer px-2 py-1 text-sm font-medium transition-all duration-200 bg-transparent border-none tracking-wide text-primary"
              type="button"
            >
              EN
            </button>
            <button
              class="cursor-pointer px-2 py-1 text-sm font-medium transition-all duration-200 bg-transparent border-none tracking-wide text-primary/50 hover:text-primary/70"
              type="button"
            >
              PL
            </button>
          </div>
        </div>
        <button
          aria-label="theme.toggleToDark"
          class="inline-flex h-9 w-9 items-center justify-center rounded-full border border-primary/15 bg-surface text-primary/80 transition-colors hover:border-primary/30 hover:text-primary cursor-pointer "
          title="theme.toggleToDark"
          type="button"
        >
          <span>
            LuMoon
          </span>
        </button>
      </div>
    </header>
    <div
      class="w-full h-[35vh] sm:h-[50vh] relative z-0"
    >
      <img
        alt="Tech Conference 2024"
        class="w-full h-full object-cover"
        src="https://example.com/hero.jpg"
      />
      <div
        class="absolute inset-0 bg-gradient-to-b from-transparent via-background/40 to-background"
      />
    </div>
    <main
      class="max-w-7xl mx-auto px-4 sm:px-6 lg:px-8 relative z-10 -mt-16 sm:-mt-56"
    >
      <div
        class="grid grid-cols-1 lg:grid-cols-12 gap-8 items-start w-full min-w-0"
      >
        <section
          class="col-span-1 lg:col-span-7 bg-surface rounded-xl shadow-2xl overflow-hidden min-w-0"
        >
          <div
            class="p-5 md:p-10"
          >
            <h1
              class="text-2xl md:text-4xl font-bold mb-4 text-primary tracking-tight"
            >
              Tech Conference 2024
            </h1>
            <div
              class="flex flex-wrap gap-6 text-sm text-primary/60 mb-8 pb-6 border-b border-primary/10"
            >
              <div
                class="flex items-center gap-2"
              >
                <span>
                  LuCalendarDays
                </span>
                <span>
                  15.06.2024, 02:00
                </span>
              </div>
              <div
                class="flex items-center gap-2"
              >
                <span>
                  LuMapPin
                </span>
                <span>
                  Warsaw, Poland
                </span>
              </div>
            </div>
            <div
              class="mb-8"
            >
              <iframe
                class="rounded-lg border border-primary/10 max-w-full w-full"
                height="300"
                loading="lazy"
                referrerpolicy="no-referrer-when-downgrade"
                src="https://maps.google.com/maps?q=Warsaw%2C%20Poland&t=&z=15&ie=UTF8&iwloc=&output=embed"
                style="border: 0px;"
                title="eventDetails.locationPreview"
                width="400"
              />
            </div>
            <div
              class="rte-content max-w-none text-primary/70 leading-relaxed text-sm md:text-base break-words overflow-x-auto w-full"
            >
              <p>
                An amazing tech event.
              </p>
            </div>
          </div>
        </section>
        <section
          class="col-span-1 lg:col-span-5 bg-surface rounded-xl shadow-2xl lg:sticky lg:top-8 overflow-hidden min-w-0"
        >
          <div
            class="p-5 sm:p-8"
          >
            <h2
              class="text-xl font-bold mb-1 text-primary"
            >
              eventDetails.registerNow
            </h2>
            <p
              class="text-sm text-primary/60 mb-4"
            >
              eventDetails.fillForm
            </p>
            <form
              class="flex flex-col gap-6 w-full min-w-0"
            >
              <div
                class="bg-surface-2 border border-primary/15 rounded-md p-4 mt-2 w-full box-border min-w-0"
              >
                <div
                  class="flex items-start gap-3"
                >
                  <div
                    class="flex items-center mt-1 shrink-0"
                  >
                    <input
                      class="w-4 h-4 rounded-full border border-secondary bg-surface focus:ring-0 cursor-pointer appearance-none checked:bg-secondary"
                      id="consent"
                      type="checkbox"
                    />
                  </div>
                  <div>
                    <label
                      class="text-sm font-medium text-primary cursor-pointer block mb-1 break-words"
                      for="consent"
                    >
                      eventDetails.dataConsent 
                      <span
                        class="text-red-500"
                      >
                        *
                      </span>
                    </label>
                    <p
                      class="text-xs text-primary/70"
                    >
                      eventDetails.readMoreIn 
                      <a
                        class="underline text-primary/80 hover:text-primary"
                        href="#terms"
                        rel="noopener noreferrer"
                        target="_blank"
                      >
                        eventDetails.termsAndConditions
                      </a>
                      .
                    </p>
                  </div>
                </div>
              </div>
              <p
                class="text-[11px] text-primary/60 -mt-2"
              >
                * eventDetails.requiredField
              </p>
              <button
                class="w-full box-border mt-2 py-3 px-4 rounded-md bg-secondary text-brand font-bold text-sm transition-transform hover:scale-[1.02] active:scale-[0.98] disabled:opacity-60 disabled:cursor-not-allowed disabled:hover:scale-100"
                disabled=""
                type="button"
              >
                eventDetails.register
              </button>
            </form>
          </div>
        </section>
      </div>
    </main>
  </div>
</DocumentFragment>
`;
